[39m[22m
